// Jest Snapshot v1, https://goo.gl/fbAQLP

exports[`Footer matches expected snapshot 1`] = `
<div
  style={
    Object {
      "background": "rgba(128, 128, 128, 0.04)",
      "boxSizing": "border-box",
      "paddingBottom": 20,
      "paddingLeft": 40,
      "paddingRight": 40,
      "paddingTop": 1,
      "width": "100%",
    }
  }
>
  <ForwardRef(Divider)
    style={
      Object {
        "marginBottom": 20,
        "width": "100%",
      }
    }
  />
  <div
    style={
      Object {
        "alignItems": "center",
        "display": "flex",
        "flexWrap": "nowrap",
        "justifyContent": "flex-start",
      }
    }
  >
    <div
      style={
        Object {
          "display": "flex",
          "flexWrap": "wrap",
          "justifyContent": "flex-start",
        }
      }
    >
      <Link
        hoverStyle={
          Object {
            "color": "rgba(0, 0, 0, 0.64)",
          }
        }
        style={
          Object {
            "color": "rgba(0, 0, 0, 0.44)",
            "fontSize": 12,
            "margin": "0px 20px",
          }
        }
        to="https://tab.gladly.io/financials/"
      >
        <ForwardRef(Typography)
          variant="caption"
        >
          Financials
        </ForwardRef(Typography)>
      </Link>
      <Link
        hoverStyle={
          Object {
            "color": "rgba(0, 0, 0, 0.64)",
          }
        }
        style={
          Object {
            "color": "rgba(0, 0, 0, 0.44)",
            "fontSize": 12,
            "margin": "0px 20px",
          }
        }
        to="https://gladly.zendesk.com/hc/en-us/categories/360001779552-Search-for-a-Cause"
      >
        <ForwardRef(Typography)
          variant="caption"
        >
          FAQ
        </ForwardRef(Typography)>
      </Link>
      <Link
        hoverStyle={
          Object {
            "color": "rgba(0, 0, 0, 0.64)",
          }
        }
        style={
          Object {
            "color": "rgba(0, 0, 0, 0.44)",
            "fontSize": 12,
            "margin": "0px 20px",
          }
        }
        to="https://tab.gladly.io/terms/"
      >
        <ForwardRef(Typography)
          variant="caption"
        >
          Terms
        </ForwardRef(Typography)>
      </Link>
      <Link
        hoverStyle={
          Object {
            "color": "rgba(0, 0, 0, 0.64)",
          }
        }
        style={
          Object {
            "color": "rgba(0, 0, 0, 0.44)",
            "fontSize": 12,
            "margin": "0px 20px",
          }
        }
        to="https://tab.gladly.io/privacy/"
      >
        <ForwardRef(Typography)
          variant="caption"
        >
          Privacy
        </ForwardRef(Typography)>
      </Link>
      <Link
        hoverStyle={
          Object {
            "color": "rgba(0, 0, 0, 0.64)",
          }
        }
        style={
          Object {
            "color": "rgba(0, 0, 0, 0.44)",
            "fontSize": 12,
            "margin": "0px 20px",
          }
        }
        to="https://gladly.zendesk.com/hc/en-us/requests/new"
      >
        <ForwardRef(Typography)
          variant="caption"
        >
          Contact
        </ForwardRef(Typography)>
      </Link>
    </div>
  </div>
</div>
`;
