// Jest Snapshot v1, https://goo.gl/fbAQLP

exports[`Header matches expected snapshot 1`] = `
<div
  style={
    Object {
      "paddingBottom": 20,
      "paddingLeft": 40,
      "paddingRight": 40,
      "paddingTop": 20,
    }
  }
>
  <div
    style={
      Object {
        "display": "flex",
        "justifyContent": "flex-start",
      }
    }
  >
    <mockConstructor
      onClick={[Function]}
      to="/"
    >
      <img
        src="test-file-stub"
        style={
          Object {
            "height": 40,
          }
        }
      />
    </mockConstructor>
  </div>
</div>
`;
